Loading db file '/afs/it.kth.se/pkg/synopsys/extra_libraries/standard_cell/TSMC/tcbn90g_110a/Front_End/timing_power/tcbn90g_110a/tcbn90gtc.db'
Information: Propagating switching activity (low effort zero delay simulation). (PWR-6)
Warning: Design has unannotated primary inputs. (PWR-414)
Warning: Design has unannotated sequential cell outputs. (PWR-415)
 
****************************************
Report : power
        -analysis_effort low
Design : Top_Serial_FIR
Version: J-2014.09
Date   : Sun Nov 15 15:49:06 2015
****************************************


Library(s) Used:

    tcbn90gtc (File: /afs/it.kth.se/pkg/synopsys/extra_libraries/standard_cell/TSMC/tcbn90g_110a/Front_End/timing_power/tcbn90g_110a/tcbn90gtc.db)


Operating Conditions: NCCOM   Library: tcbn90gtc
Wire Load Model Mode: top

Design        Wire Load Model            Library
------------------------------------------------
Top_Serial_FIR         TSMC8K_Lowk_Conservative
                                         tcbn90gtc


Global Operating Voltage = 1    
Power-specific unit information :
    Voltage Units = 1V
    Capacitance Units = 1.000000pf
    Time Units = 1ns
    Dynamic Power Units = 1mW    (derived from V,C,T units)
    Leakage Power Units = 1nW


  Cell Internal Power  = 493.1285 uW   (92%)
  Net Switching Power  =  41.6793 uW    (8%)
                         ---------
Total Dynamic Power    = 534.8078 uW  (100%)

Cell Leakage Power     =  12.2410 uW


                 Internal         Switching           Leakage            Total
Power Group      Power            Power               Power              Power   (   %    )  Attrs
--------------------------------------------------------------------------------------------------
io_pad             0.0000            0.0000            0.0000            0.0000  (   0.00%)
memory             0.0000            0.0000            0.0000            0.0000  (   0.00%)
black_box          0.0000            0.0000            0.0000            0.0000  (   0.00%)
clock_network      0.0000            0.0000            0.0000            0.0000  (   0.00%)
register           0.4654        6.2835e-03        4.7489e+03            0.4765  (  87.10%)
sequential         0.0000            0.0000            0.0000            0.0000  (   0.00%)
combinational  2.7683e-02        3.5396e-02        7.4921e+03        7.0570e-02  (  12.90%)
--------------------------------------------------------------------------------------------------
Total              0.4931 mW     4.1679e-02 mW     1.2241e+04 nW         0.5470 mW
1
